// Jest Snapshot v1, https://goo.gl/fbAQLP

exports[`App component matches the snapshot 1`] = `
Array [
  <div
    className="App"
  >
    <h1>
      Count: 
      0
    </h1>
    <button
      className="increment"
      onClick={[Function]}
    >
      Increment
    </button>
    <button
      className="decrement"
      onClick={[Function]}
    >
      Decrement
    </button>
  </div>,
  <div
    className="App"
  >
    <div
      className="question"
    >
      <input
        type="text"
      />
      <button
        type="submit"
      >
        Ask
      </button>
    </div>
  </div>,
]
`;
